******************************************************************************
            TI ARM Clang Linker PC v4.0.3                      
******************************************************************************
>> Linked Fri Mar 20 21:10:17 2026

OUTPUT FILE NAME:   <empty_LP_MSPM0G3507_nortos_ticlang.out>
ENTRY POINT SYMBOL: "_c_int00_noargs"  address: 00005c81


MEMORY CONFIGURATION

         name            origin    length      used     unused   attr    fill
----------------------  --------  ---------  --------  --------  ----  --------
  FLASH                 00000000   00020000  00006798  00019868  R  X
  SRAM                  20200000   00008000  0000048c  00007b74  RW X
  BCR_CONFIG            41c00000   000000ff  00000000  000000ff  R   
  BSL_CONFIG            41c00100   00000080  00000000  00000080  R   


SEGMENT ALLOCATION MAP

run origin  load origin   length   init length attrs members
----------  ----------- ---------- ----------- ----- -------
00000000    00000000    00006798   00006798    r-x
  00000000    00000000    000000c0   000000c0    r-- .intvecs
  000000c0    000000c0    00005d78   00005d78    r-x .text
  00005e38    00005e38    00000908   00000908    r-- .rodata
  00006740    00006740    00000058   00000058    r-- .cinit
20200000    20200000    0000028c   00000000    rw-
  20200000    20200000    00000220   00000000    rw- .bss
  20200220    20200220    0000006c   00000000    rw- .data
20207e00    20207e00    00000200   00000000    rw-
  20207e00    20207e00    00000200   00000000    rw- .stack


SECTION ALLOCATION MAP

 output                                  attributes/
section   page    origin      length       input sections
--------  ----  ----------  ----------   ----------------
.intvecs   0    00000000    000000c0     
                  00000000    000000c0     startup_mspm0g350x_ticlang.o (.intvecs)

.text      0    000000c0    00005d78     
                  000000c0    00002df0     oled_hardware_i2c.o (.text.OLED_Init)
                  00002eb0    000006e4     oled_hardware_i2c.o (.text.OLED_Clear)
                  00003594    00000518     oled_hardware_i2c.o (.text.OLED_Set_Pos)
                  00003aac    00000490     oled_hardware_i2c.o (.text.OLED_ShowNum)
                  00003f3c    00000484     menu.o (.text.Menu_Run)
                  000043c0    00000458     oled_hardware_i2c.o (.text.OLED_ShowChar)
                  00004818    000002e8     line.o (.text.setspeed_pid)
                  00004b00    000001e0     menu.o (.text.Show_Settings_Menu)
                  00004ce0    000001c4     line.o (.text.Run_Square_Map)
                  00004ea4    00000114     line.o (.text.error_get)
                  00004fb8    00000104     driverlib.a : dl_timer.o (.text.DL_Timer_initFourCCPWMMode)
                  000050bc    000000e8                 : dl_timer.o (.text.DL_Timer_initTimerMode)
                  000051a4    000000d8     libclang_rt.builtins.a : addsf3.S.obj (.text)
                  0000527c    000000d4     empty.o (.text.main)
                  00005350    000000b4     ti_msp_dl_config.o (.text.SYSCFG_DL_GPIO_init)
                  00005404    0000009a     libc.a : memcpy16.S.obj (.text:memcpy)
                  0000549e    00000002     startup_mspm0g350x_ticlang.o (.text.Default_Handler)
                  000054a0    00000090     ti_msp_dl_config.o (.text.SYSCFG_DL_PWM_MOTOR_init)
                  00005530    0000008c     libclang_rt.builtins.a : mulsf3.S.obj (.text.__mulsf3)
                  000055bc    0000008c     Motor.o (.text.motor)
                  00005648    0000007c     libc.a : copy_decompress_lzss.c.obj (.text:decompress:lzss)
                  000056c4    0000007a     oled_hardware_i2c.o (.text.OLED_ShowString)
                  0000573e    00000002     Delay.o (.text.Delay_Init)
                  00005740    0000006c     line.o (.text.PID_Reset)
                  000057ac    0000005e     driverlib.a : dl_i2c.o (.text.DL_I2C_fillControllerTXFIFO)
                  0000580a    00000002     libclang_rt.builtins.a : aeabi_div0.c.obj (.text.__aeabi_idiv0)
                  0000580c    00000056                            : aeabi_idivmod.S.obj (.text.__aeabi_idivmod)
                  00005862    00000002     Key.o (.text.key_init)
                  00005864    00000054     ti_msp_dl_config.o (.text.SYSCFG_DL_ENCODER_L_init)
                  000058b8    00000054     ti_msp_dl_config.o (.text.SYSCFG_DL_I2C_OLED_init)
                  0000590c    00000054     ti_msp_dl_config.o (.text.SYSCFG_DL_initPower)
                  00005960    00000050     sensor.o (.text.digtal)
                  000059b0    00000044     ti_msp_dl_config.o (.text.SYSCFG_DL_init)
                  000059f4    00000040     ti_msp_dl_config.o (.text.SYSCFG_DL_SYSCTL_init)
                  00005a34    00000040     libclang_rt.builtins.a : aeabi_uidivmod.S.obj (.text.__aeabi_uidivmod)
                  00005a74    0000003c     Encoder.o (.text.GROUP1_IRQHandler)
                  00005ab0    0000003c     libclang_rt.builtins.a : floatsisf.S.obj (.text.__floatsisf)
                  00005aec    0000003c     libc.a : autoinit.c.obj (.text:__TI_auto_init_nobinit_nopinit)
                  00005b28    0000003a     libclang_rt.builtins.a : muldsi3.S.obj (.text.__muldsi3)
                  00005b62    00000002     --HOLE-- [fill = 0]
                  00005b64    00000038                            : fixsfsi.S.obj (.text.__fixsfsi)
                  00005b9c    00000032                            : fixunssfsi.S.obj (.text.__fixunssfsi)
                  00005bce    00000002     --HOLE-- [fill = 0]
                  00005bd0    00000030     ti_msp_dl_config.o (.text.SYSCFG_DL_SYSTICK_init)
                  00005c00    0000002c     Encoder.o (.text.Read_Encoder)
                  00005c2c    0000002c     ti_msp_dl_config.o (.text.SYSCFG_DL_TIMER_10MS_init)
                  00005c58    00000028     libclang_rt.builtins.a : floatunsisf.S.obj (.text.__floatunsisf)
                  00005c80    00000028     libc.a : boot_cortex_m.c.obj (.text:_c_int00_noargs)
                  00005ca8    00000026     driverlib.a : dl_i2c.o (.text.DL_I2C_setClockConfig)
                  00005cce    00000002     --HOLE-- [fill = 0]
                  00005cd0    00000024     menu.o (.text.Menu_Init)
                  00005cf4    00000024     Motor.o (.text.Motor_Init)
                  00005d18    0000001c     driverlib.a : dl_timer.o (.text.DL_Timer_setCaptCompUpdateMethod)
                  00005d34    0000001c                 : dl_timer.o (.text.DL_Timer_setClockConfig)
                  00005d50    0000001c     PWM.o (.text.PWM_SetMotorA)
                  00005d6c    0000001c     PWM.o (.text.PWM_SetMotorB)
                  00005d88    00000018     driverlib.a : dl_timer.o (.text.DL_Timer_setCaptureCompareOutCtl)
                  00005da0    00000016     libc.a : copy_zero_init.c.obj (.text:decompress:ZI:__TI_zero_init_nomemset)
                  00005db6    00000012            : copy_decompress_none.c.obj (.text:decompress:none)
                  00005dc8    00000010     driverlib.a : dl_timer.o (.text.DL_Timer_setCaptureCompareValue)
                  00005dd8    00000010     PWM.o (.text.PWM_Init)
                  00005de8    00000010     empty.o (.text.SysTick_Handler)
                  00005df8    0000000e     Delay.o (.text.Delay_ms)
                  00005e06    0000000a     driverlib.a : dl_common.o (.text.DL_Common_delayCycles)
                  00005e10    00000008     line.o (.text.Run_Normal_Map)
                  00005e18    00000008     libclang_rt.builtins.a : aeabi_memcpy.S.obj (.text.__aeabi_memcpy)
                  00005e20    00000006     libc.a : exit.c.obj (.text:abort)
                  00005e26    00000004     libsysbm.a : hostexit.c.obj (.text.HOSTexit)
                  00005e2a    00000004     startup_mspm0g350x_ticlang.o (.text.Reset_Handler)
                  00005e2e    00000004     libc.a : pre_init.c.obj (.text._system_pre_init)
                  00005e32    00000006     --HOLE-- [fill = 0]

.cinit     0    00006740    00000058     
                  00006740    0000002f     (.cinit..data.load) [load image, compression = lzss]
                  0000676f    00000001     --HOLE-- [fill = 0]
                  00006770    0000000c     (__TI_handler_table)
                  0000677c    00000008     (.cinit..bss.load) [load image, compression = zero_init]
                  00006784    00000010     (__TI_cinit_table)
                  00006794    00000004     --HOLE-- [fill = 0]

.rodata    0    00005e38    00000908     
                  00005e38    000005f0     oled_hardware_i2c.o (.rodata.asc2_1608)
                  00006428    00000228     oled_hardware_i2c.o (.rodata.asc2_0806)
                  00006650    00000014     ti_msp_dl_config.o (.rodata.gTIMER_10MSTimerConfig)
                  00006664    00000011     menu.o (.rodata.str1.13124720451672825294.1)
                  00006675    00000010     menu.o (.rodata.str1.4862307748908978627.1)
                  00006685    0000000f     menu.o (.rodata.str1.12110183915172842339.1)
                  00006694    0000000f     line.o (.rodata.str1.12828571748760750736.1)
                  000066a3    0000000d     empty.o (.rodata.str1.14685083708502177989.1)
                  000066b0    0000000d     empty.o (.rodata.str1.254342170260855183.1)
                  000066bd    0000000d     empty.o (.rodata.str1.9517790425240694019.1)
                  000066ca    0000000c     line.o (.rodata.str1.1682463964360324069.1)
                  000066d6    0000000b     line.o (.rodata.str1.14519048065814896320.1)
                  000066e1    0000000a     line.o (.rodata.str1.4256957103544451686.1)
                  000066eb    00000009     menu.o (.rodata.str1.14098755746347272832.1)
                  000066f4    00000009     menu.o (.rodata.str1.17041139162815566052.1)
                  000066fd    00000003     ti_msp_dl_config.o (.rodata.gENCODER_LClockConfig)
                  00006700    00000008     ti_msp_dl_config.o (.rodata.gPWM_MOTORConfig)
                  00006708    00000007     menu.o (.rodata.str1.16312125044762562515.1)
                  0000670f    00000007     menu.o (.rodata.str1.1955320522770775823.1)
                  00006716    00000007     menu.o (.rodata.str1.5155000645726596423.1)
                  0000671d    00000007     menu.o (.rodata.str1.8935930992971773687.1)
                  00006724    00000007     menu.o (.rodata.str1.9546740394641817443.1)
                  0000672b    00000003     ti_msp_dl_config.o (.rodata.gPWM_MOTORClockConfig)
                  0000672e    00000003     ti_msp_dl_config.o (.rodata.gTIMER_10MSClockConfig)
                  00006731    00000002     ti_msp_dl_config.o (.rodata.gI2C_OLEDClockConfig)
                  00006733    00000002     menu.o (.rodata.str1.4646809750356241979.1)
                  00006735    00000002     menu.o (.rodata.str1.5102509094067202407.1)
                  00006737    00000002     menu.o (.rodata.str1.6617442809723977961.1)
                  00006739    00000002     menu.o (.rodata.str1.6857549598058878762.1)
                  0000673b    00000005     --HOLE-- [fill = 0]

.init_array 
*          0    00000000    00000000     UNINITIALIZED

.binit     0    00000000    00000000     

.bss       0    20200000    00000220     UNINITIALIZED
                  20200000    000000bc     (.common:gPWM_MOTORBackup)
                  202000bc    000000bc     (.common:gTIMER_10MSBackup)
                  20200178    000000a0     (.common:gENCODER_LBackup)
                  20200218    00000004     (.common:Velocity_PWM1)
                  2020021c    00000004     (.common:Velocity_PWM2)

.data      0    20200220    0000006c     UNINITIALIZED
                  20200220    0000000c     line.o (.data.left)
                  2020022c    0000000c     line.o (.data.right)
                  20200238    00000004     menu.o (.data.Loop_Target)
                  2020023c    00000004     menu.o (.data.Map_Selection)
                  20200240    00000004     line.o (.data.OFFSET_LEFT)
                  20200244    00000004     line.o (.data.OFFSET_RIGHT)
                  20200248    00000004     line.o (.data.PWM_BASIC)
                  2020024c    00000004     line.o (.data.Turn_Lock_State)
                  20200250    00000004     line.o (.data.Vel_A_ControlVelocity)
                  20200254    00000004     line.o (.data.Vel_A_Last_bias)
                  20200258    00000004     line.o (.data.Vel_B_ControlVelocity)
                  2020025c    00000004     line.o (.data.Vel_B_Last_bias)
                  20200260    00000004     line.o (.data.Velcity_Kd1)
                  20200264    00000004     line.o (.data.Velcity_Kd2)
                  20200268    00000004     line.o (.data.Velcity_Ki1)
                  2020026c    00000004     line.o (.data.Velcity_Ki2)
                  20200270    00000004     line.o (.data.Velcity_Kp1)
                  20200274    00000004     line.o (.data.Velcity_Kp2)
                  20200278    00000004     menu.o (.data.pFloatVal)
                  2020027c    00000004     menu.o (.data.pIntVal)
                  20200280    00000004     empty.o (.data.time)
                  20200284    00000002     Encoder.o (.data.encoder_r_count)
                  20200286    00000001     menu.o (.data.Menu_GetKey.key_state)
                  20200287    00000001     line.o (.data.RorL)
                  20200288    00000001     menu.o (.data.current_state)
                  20200289    00000001     menu.o (.data.cursor_main)
                  2020028a    00000001     menu.o (.data.cursor_settings)
                  2020028b    00000001     menu.o (.data.scroll_offset)

.stack     0    20207e00    00000200     UNINITIALIZED
                  20207e00    00000004     libc.a : boot_cortex_m.c.obj (.stack)
                  20207e04    000001fc     --HOLE--

__llvm_prf_cnts 
*          0    20200000    00000000     UNINITIALIZED

__llvm_prf_bits 
*          0    20200000    00000000     UNINITIALIZED

MODULE SUMMARY

       Module                         code    ro data   rw data
       ------                         ----    -------   -------
    .\
       oled_hardware_i2c.o            17230   2072      0      
       menu.o                         1672    109       21     
       line.o                         1588    48        89     
       ti_msp_dl_config.o             800     39        536    
       empty.o                        228     39        4      
       startup_mspm0g350x_ticlang.o   6       192       0      
       Motor.o                        176     0         0      
       Encoder.o                      104     0         2      
       sensor.o                       80      0         0      
       PWM.o                          72      0         0      
       Delay.o                        16      0         0      
       Key.o                          2       0         0      
    +--+------------------------------+-------+---------+---------+
       Total:                         21974   2499      652    
                                                               
    C:/ti/mspm0_sdk_2_05_01_00/source/ti/driverlib/lib/ticlang/m0p/mspm0g1x0x_g3x0x/driverlib.a
       dl_timer.o                     588     0         0      
       dl_i2c.o                       132     0         0      
       dl_common.o                    10      0         0      
    +--+------------------------------+-------+---------+---------+
       Total:                         730     0         0      
                                                               
    C:\ti\ccs2020\ccs\tools\compiler\ti-cgt-armllvm_4.0.3.LTS\lib\armv6m-ti-none-eabi/c/libc.a
       memcpy16.S.obj                 154     0         0      
       copy_decompress_lzss.c.obj     124     0         0      
       autoinit.c.obj                 60      0         0      
       boot_cortex_m.c.obj            40      0         0      
       copy_zero_init.c.obj           22      0         0      
       copy_decompress_none.c.obj     18      0         0      
       exit.c.obj                     6       0         0      
       pre_init.c.obj                 4       0         0      
    +--+------------------------------+-------+---------+---------+
       Total:                         428     0         0      
                                                               
    C:\ti\ccs2020\ccs\tools\compiler\ti-cgt-armllvm_4.0.3.LTS\lib\armv6m-ti-none-eabi/c/libsysbm.a
       hostexit.c.obj                 4       0         0      
    +--+------------------------------+-------+---------+---------+
       Total:                         4       0         0      
                                                               
    C:\ti\ccs2020\ccs\tools\compiler\ti-cgt-armllvm_4.0.3.LTS\lib\armv6m-ti-none-eabi/libclang_rt.builtins.a
       addsf3.S.obj                   216     0         0      
       mulsf3.S.obj                   140     0         0      
       aeabi_idivmod.S.obj            86      0         0      
       aeabi_uidivmod.S.obj           64      0         0      
       floatsisf.S.obj                60      0         0      
       muldsi3.S.obj                  58      0         0      
       fixsfsi.S.obj                  56      0         0      
       fixunssfsi.S.obj               50      0         0      
       floatunsisf.S.obj              40      0         0      
       aeabi_memcpy.S.obj             8       0         0      
       aeabi_div0.c.obj               2       0         0      
    +--+------------------------------+-------+---------+---------+
       Total:                         780     0         0      
                                                               
       Stack:                         0       0         512    
       Linker Generated:              0       83        0      
    +--+------------------------------+-------+---------+---------+
       Grand Total:                   23916   2582      1164   


LINKER GENERATED COPY TABLES

__TI_cinit_table @ 00006784 records: 2, size/record: 8, table size: 16
	.data: load addr=00006740, load size=0000002f bytes, run addr=20200220, run size=0000006c bytes, compression=lzss
	.bss: load addr=0000677c, load size=00000008 bytes, run addr=20200000, run size=00000220 bytes, compression=zero_init


LINKER GENERATED HANDLER TABLE

__TI_handler_table @ 00006770 records: 3, size/record: 4, table size: 12
	index: 0, handler: __TI_decompress_lzss
	index: 1, handler: __TI_decompress_none
	index: 2, handler: __TI_zero_init


GLOBAL SYMBOLS: SORTED ALPHABETICALLY BY Name 

address   name                            
-------   ----                            
0000549f  ADC0_IRQHandler                 
0000549f  ADC1_IRQHandler                 
0000549f  AES_IRQHandler                  
00005e26  C$$EXIT                         
0000549f  CANFD0_IRQHandler               
0000549f  DAC0_IRQHandler                 
00005e07  DL_Common_delayCycles           
000057ad  DL_I2C_fillControllerTXFIFO     
00005ca9  DL_I2C_setClockConfig           
00004fb9  DL_Timer_initFourCCPWMMode      
000050bd  DL_Timer_initTimerMode          
00005d19  DL_Timer_setCaptCompUpdateMethod
00005d89  DL_Timer_setCaptureCompareOutCtl
00005dc9  DL_Timer_setCaptureCompareValue 
00005d35  DL_Timer_setClockConfig         
0000549f  DMA_IRQHandler                  
0000549f  Default_Handler                 
0000573f  Delay_Init                      
00005df9  Delay_ms                        
0000549f  GROUP0_IRQHandler               
00005a75  GROUP1_IRQHandler               
00005e27  HOSTexit                        
0000549f  HardFault_Handler               
0000549f  I2C0_IRQHandler                 
0000549f  I2C1_IRQHandler                 
20200238  Loop_Target                     
2020023c  Map_Selection                   
00005cd1  Menu_Init                       
00003f3d  Menu_Run                        
00005cf5  Motor_Init                      
0000549f  NMI_Handler                     
20200240  OFFSET_LEFT                     
20200244  OFFSET_RIGHT                    
00002eb1  OLED_Clear                      
000000c1  OLED_Init                       
00003595  OLED_Set_Pos                    
000043c1  OLED_ShowChar                   
00003aad  OLED_ShowNum                    
000056c5  OLED_ShowString                 
00005741  PID_Reset                       
20200248  PWM_BASIC                       
00005dd9  PWM_Init                        
00005d51  PWM_SetMotorA                   
00005d6d  PWM_SetMotorB                   
0000549f  PendSV_Handler                  
0000549f  RTC_IRQHandler                  
00005c01  Read_Encoder                    
00005e2b  Reset_Handler                   
20200287  RorL                            
00005e11  Run_Normal_Map                  
00004ce1  Run_Square_Map                  
0000549f  SPI0_IRQHandler                 
0000549f  SPI1_IRQHandler                 
0000549f  SVC_Handler                     
00005865  SYSCFG_DL_ENCODER_L_init        
00005351  SYSCFG_DL_GPIO_init             
000058b9  SYSCFG_DL_I2C_OLED_init         
000054a1  SYSCFG_DL_PWM_MOTOR_init        
000059f5  SYSCFG_DL_SYSCTL_init           
00005bd1  SYSCFG_DL_SYSTICK_init          
00005c2d  SYSCFG_DL_TIMER_10MS_init       
000059b1  SYSCFG_DL_init                  
0000590d  SYSCFG_DL_initPower             
00004b01  Show_Settings_Menu              
00005de9  SysTick_Handler                 
0000549f  TIMA0_IRQHandler                
0000549f  TIMA1_IRQHandler                
0000549f  TIMG0_IRQHandler                
0000549f  TIMG12_IRQHandler               
0000549f  TIMG6_IRQHandler                
0000549f  TIMG7_IRQHandler                
0000549f  TIMG8_IRQHandler                
2020024c  Turn_Lock_State                 
0000549f  UART0_IRQHandler                
0000549f  UART1_IRQHandler                
0000549f  UART2_IRQHandler                
0000549f  UART3_IRQHandler                
20200250  Vel_A_ControlVelocity           
20200254  Vel_A_Last_bias                 
20200258  Vel_B_ControlVelocity           
2020025c  Vel_B_Last_bias                 
20200260  Velcity_Kd1                     
20200264  Velcity_Kd2                     
20200268  Velcity_Ki1                     
2020026c  Velcity_Ki2                     
20200270  Velcity_Kp1                     
20200274  Velcity_Kp2                     
20200218  Velocity_PWM1                   
2020021c  Velocity_PWM2                   
20208000  __STACK_END                     
00000200  __STACK_SIZE                    
00000000  __TI_ATRegion0_region_sz        
00000000  __TI_ATRegion0_src_addr         
00000000  __TI_ATRegion0_trg_addr         
00000000  __TI_ATRegion1_region_sz        
00000000  __TI_ATRegion1_src_addr         
00000000  __TI_ATRegion1_trg_addr         
00000000  __TI_ATRegion2_region_sz        
00000000  __TI_ATRegion2_src_addr         
00000000  __TI_ATRegion2_trg_addr         
00006784  __TI_CINIT_Base                 
00006794  __TI_CINIT_Limit                
00006794  __TI_CINIT_Warm                 
00006770  __TI_Handler_Table_Base         
0000677c  __TI_Handler_Table_Limit        
00005aed  __TI_auto_init_nobinit_nopinit  
00005649  __TI_decompress_lzss            
00005db7  __TI_decompress_none            
ffffffff  __TI_pprof_out_hndl             
ffffffff  __TI_prof_data_size             
ffffffff  __TI_prof_data_start            
00000000  __TI_static_base__              
00005da1  __TI_zero_init_nomemset         
000051af  __addsf3                        
00005b65  __aeabi_f2iz                    
00005b9d  __aeabi_f2uiz                   
000051af  __aeabi_fadd                    
00005531  __aeabi_fmul                    
000051a5  __aeabi_fsub                    
00005ab1  __aeabi_i2f                     
0000580d  __aeabi_idiv                    
0000580b  __aeabi_idiv0                   
0000580d  __aeabi_idivmod                 
00005e19  __aeabi_memcpy                  
00005e19  __aeabi_memcpy4                 
00005e19  __aeabi_memcpy8                 
00005c59  __aeabi_ui2f                    
00005a35  __aeabi_uidiv                   
00005a35  __aeabi_uidivmod                
ffffffff  __binit__                       
00005b65  __fixsfsi                       
00005b9d  __fixunssfsi                    
00005ab1  __floatsisf                     
00005c59  __floatunsisf                   
UNDEFED   __mpu_init                      
00005b29  __muldsi3                       
00005531  __mulsf3                        
20207e00  __stack                         
20200000  __start___llvm_prf_bits         
20200000  __start___llvm_prf_cnts         
20200000  __stop___llvm_prf_bits          
20200000  __stop___llvm_prf_cnts          
000051a5  __subsf3                        
00005c81  _c_int00_noargs                 
UNDEFED   _system_post_cinit              
00005e2f  _system_pre_init                
00005e21  abort                           
00006428  asc2_0806                       
00005e38  asc2_1608                       
ffffffff  binit                           
00005961  digtal                          
20200284  encoder_r_count                 
00004ea5  error_get                       
20200178  gENCODER_LBackup                
20200000  gPWM_MOTORBackup                
202000bc  gTIMER_10MSBackup               
00000000  interruptVectors                
00005863  key_init                        
20200220  left                            
0000527d  main                            
00005405  memcpy                          
000055bd  motor                           
2020022c  right                           
00004819  setspeed_pid                    
20200280  time                            


GLOBAL SYMBOLS: SORTED BY Symbol Address 

address   name                            
-------   ----                            
00000000  __TI_ATRegion0_region_sz        
00000000  __TI_ATRegion0_src_addr         
00000000  __TI_ATRegion0_trg_addr         
00000000  __TI_ATRegion1_region_sz        
00000000  __TI_ATRegion1_src_addr         
00000000  __TI_ATRegion1_trg_addr         
00000000  __TI_ATRegion2_region_sz        
00000000  __TI_ATRegion2_src_addr         
00000000  __TI_ATRegion2_trg_addr         
00000000  __TI_static_base__              
00000000  interruptVectors                
000000c1  OLED_Init                       
00000200  __STACK_SIZE                    
00002eb1  OLED_Clear                      
00003595  OLED_Set_Pos                    
00003aad  OLED_ShowNum                    
00003f3d  Menu_Run                        
000043c1  OLED_ShowChar                   
00004819  setspeed_pid                    
00004b01  Show_Settings_Menu              
00004ce1  Run_Square_Map                  
00004ea5  error_get                       
00004fb9  DL_Timer_initFourCCPWMMode      
000050bd  DL_Timer_initTimerMode          
000051a5  __aeabi_fsub                    
000051a5  __subsf3                        
000051af  __addsf3                        
000051af  __aeabi_fadd                    
0000527d  main                            
00005351  SYSCFG_DL_GPIO_init             
00005405  memcpy                          
0000549f  ADC0_IRQHandler                 
0000549f  ADC1_IRQHandler                 
0000549f  AES_IRQHandler                  
0000549f  CANFD0_IRQHandler               
0000549f  DAC0_IRQHandler                 
0000549f  DMA_IRQHandler                  
0000549f  Default_Handler                 
0000549f  GROUP0_IRQHandler               
0000549f  HardFault_Handler               
0000549f  I2C0_IRQHandler                 
0000549f  I2C1_IRQHandler                 
0000549f  NMI_Handler                     
0000549f  PendSV_Handler                  
0000549f  RTC_IRQHandler                  
0000549f  SPI0_IRQHandler                 
0000549f  SPI1_IRQHandler                 
0000549f  SVC_Handler                     
0000549f  TIMA0_IRQHandler                
0000549f  TIMA1_IRQHandler                
0000549f  TIMG0_IRQHandler                
0000549f  TIMG12_IRQHandler               
0000549f  TIMG6_IRQHandler                
0000549f  TIMG7_IRQHandler                
0000549f  TIMG8_IRQHandler                
0000549f  UART0_IRQHandler                
0000549f  UART1_IRQHandler                
0000549f  UART2_IRQHandler                
0000549f  UART3_IRQHandler                
000054a1  SYSCFG_DL_PWM_MOTOR_init        
00005531  __aeabi_fmul                    
00005531  __mulsf3                        
000055bd  motor                           
00005649  __TI_decompress_lzss            
000056c5  OLED_ShowString                 
0000573f  Delay_Init                      
00005741  PID_Reset                       
000057ad  DL_I2C_fillControllerTXFIFO     
0000580b  __aeabi_idiv0                   
0000580d  __aeabi_idiv                    
0000580d  __aeabi_idivmod                 
00005863  key_init                        
00005865  SYSCFG_DL_ENCODER_L_init        
000058b9  SYSCFG_DL_I2C_OLED_init         
0000590d  SYSCFG_DL_initPower             
00005961  digtal                          
000059b1  SYSCFG_DL_init                  
000059f5  SYSCFG_DL_SYSCTL_init           
00005a35  __aeabi_uidiv                   
00005a35  __aeabi_uidivmod                
00005a75  GROUP1_IRQHandler               
00005ab1  __aeabi_i2f                     
00005ab1  __floatsisf                     
00005aed  __TI_auto_init_nobinit_nopinit  
00005b29  __muldsi3                       
00005b65  __aeabi_f2iz                    
00005b65  __fixsfsi                       
00005b9d  __aeabi_f2uiz                   
00005b9d  __fixunssfsi                    
00005bd1  SYSCFG_DL_SYSTICK_init          
00005c01  Read_Encoder                    
00005c2d  SYSCFG_DL_TIMER_10MS_init       
00005c59  __aeabi_ui2f                    
00005c59  __floatunsisf                   
00005c81  _c_int00_noargs                 
00005ca9  DL_I2C_setClockConfig           
00005cd1  Menu_Init                       
00005cf5  Motor_Init                      
00005d19  DL_Timer_setCaptCompUpdateMethod
00005d35  DL_Timer_setClockConfig         
00005d51  PWM_SetMotorA                   
00005d6d  PWM_SetMotorB                   
00005d89  DL_Timer_setCaptureCompareOutCtl
00005da1  __TI_zero_init_nomemset         
00005db7  __TI_decompress_none            
00005dc9  DL_Timer_setCaptureCompareValue 
00005dd9  PWM_Init                        
00005de9  SysTick_Handler                 
00005df9  Delay_ms                        
00005e07  DL_Common_delayCycles           
00005e11  Run_Normal_Map                  
00005e19  __aeabi_memcpy                  
00005e19  __aeabi_memcpy4                 
00005e19  __aeabi_memcpy8                 
00005e21  abort                           
00005e26  C$$EXIT                         
00005e27  HOSTexit                        
00005e2b  Reset_Handler                   
00005e2f  _system_pre_init                
00005e38  asc2_1608                       
00006428  asc2_0806                       
00006770  __TI_Handler_Table_Base         
0000677c  __TI_Handler_Table_Limit        
00006784  __TI_CINIT_Base                 
00006794  __TI_CINIT_Limit                
00006794  __TI_CINIT_Warm                 
20200000  __start___llvm_prf_bits         
20200000  __start___llvm_prf_cnts         
20200000  __stop___llvm_prf_bits          
20200000  __stop___llvm_prf_cnts          
20200000  gPWM_MOTORBackup                
202000bc  gTIMER_10MSBackup               
20200178  gENCODER_LBackup                
20200218  Velocity_PWM1                   
2020021c  Velocity_PWM2                   
20200220  left                            
2020022c  right                           
20200238  Loop_Target                     
2020023c  Map_Selection                   
20200240  OFFSET_LEFT                     
20200244  OFFSET_RIGHT                    
20200248  PWM_BASIC                       
2020024c  Turn_Lock_State                 
20200250  Vel_A_ControlVelocity           
20200254  Vel_A_Last_bias                 
20200258  Vel_B_ControlVelocity           
2020025c  Vel_B_Last_bias                 
20200260  Velcity_Kd1                     
20200264  Velcity_Kd2                     
20200268  Velcity_Ki1                     
2020026c  Velcity_Ki2                     
20200270  Velcity_Kp1                     
20200274  Velcity_Kp2                     
20200280  time                            
20200284  encoder_r_count                 
20200287  RorL                            
20207e00  __stack                         
20208000  __STACK_END                     
ffffffff  __TI_pprof_out_hndl             
ffffffff  __TI_prof_data_size             
ffffffff  __TI_prof_data_start            
ffffffff  __binit__                       
ffffffff  binit                           
UNDEFED   __mpu_init                      
UNDEFED   _system_post_cinit              

[165 symbols]
